// Jest Snapshot v1, https://goo.gl/fbAQLP

exports[`renders correctly 1`] = `
<div
  className="container pb-5"
  data-test="component-singleRecipe"
>
  <br />
  <div
    className="row"
  >
    <div
      className="col-md-8 offset-md-2 pt-3 pb-2"
    >
      <h1 />
      <p />
    </div>
  </div>
</div>
`;
